WARNING: A restricted method in java.lang.System has been called
WARNING: java.lang.System::load has been called by org.fusesource.jansi.internal.JansiLoader in an unnamed module (file:/C:/Program%20Files/apache-maven-3.9.9/lib/jansi-2.4.1.jar)
WARNING: Use --enable-native-access=ALL-UNNAMED to avoid a warning for callers in this module
WARNING: Restricted methods will be blocked in a future release unless native access is enabled

Apache Maven 3.9.9 (8e8579a9e76f7d015ee5ec7bfcdc97d260186937)
Maven home: C:\Program Files\apache-maven-3.9.9
Java version: 25, vendor: Eclipse Adoptium, runtime: C:\Program Files\Eclipse Adoptium\jdk-25.0.0.36-hotspot
Default locale: zh_TW, platform encoding: UTF-8
OS name: "windows 11", version: "10.0", arch: "amd64", family: "windows"
WARNING: A terminally deprecated method in sun.misc.Unsafe has been called
WARNING: sun.misc.Unsafe::objectFieldOffset has been called by com.google.common.util.concurrent.AbstractFuture$UnsafeAtomicHelper (file:/C:/Program%20Files/apache-maven-3.9.9/lib/guava-33.2.1-jre.jar)
WARNING: Please consider reporting this to the maintainers of class com.google.common.util.concurrent.AbstractFuture$UnsafeAtomicHelper
WARNING: sun.misc.Unsafe::objectFieldOffset will be removed in a future release
[INFO] Scanning for projects...
[INFO] 
[INFO] -----------------------< tw.huangcti:imrbs-web >------------------------
[INFO] Building IMRBS Web 1.0.0-SNAPSHOT
[INFO]   from pom.xml
[INFO] --------------------------------[ jar ]---------------------------------
[INFO] 
[INFO] --- checkstyle:3.5.0:checkstyle (default-cli) @ imrbs-web ---
[INFO] Rendering content with org.apache.maven.skins:maven-fluido-skin:jar:2.0.0-M9 skin
[INFO] ?始?查……
[WARN] D:\developer\repos\imrbs\imrbs-web\src\main\java\tw\huangcti\imrbs\ImrbsApplication.java:24:1: 工具???藏 public 构造器。 [HideUtilityClassConstructor]
[WARN] D:\developer\repos\imrbs\imrbs-web\src\main\java\tw\huangcti\imrbs\web\aspect\AuditLogAspect.java:9:8: ?用?入 - org.aspectj.lang.reflect.MethodSignature 。 [UnusedImports]
[WARN] D:\developer\repos\imrbs\imrbs-web\src\main\java\tw\huangcti\imrbs\web\config\ApplicationConfig.java:5:45: 不?使用 '.*' 形式的?入 - tw.huangcti.imrbs.application.usecase.* 。 [AvoidStarImport]
[WARN] D:\developer\repos\imrbs\imrbs-web\src\main\java\tw\huangcti\imrbs\web\config\ApplicationConfig.java:50: 本行字符? 125?，最多：120?。 [LineLength]
[WARN] D:\developer\repos\imrbs\imrbs-web\src\main\java\tw\huangcti\imrbs\web\config\ApplicationConfig.java:86: 本行字符? 122?，最多：120?。 [LineLength]
[WARN] D:\developer\repos\imrbs\imrbs-web\src\main\java\tw\huangcti\imrbs\web\controller\AuthController.java:16:47: 不?使用 '.*' 形式的?入 - org.springframework.web.bind.annotation.* 。 [AvoidStarImport]
[WARN] D:\developer\repos\imrbs\imrbs-web\src\main\java\tw\huangcti\imrbs\web\controller\AuthController.java:23:8: ?用?入 - java.util.Map 。 [UnusedImports]
[WARN] D:\developer\repos\imrbs\imrbs-web\src\main\java\tw\huangcti\imrbs\web\controller\AuthController.java:61:7: '{' 后?有空格。 [WhitespaceAround]
[WARN] D:\developer\repos\imrbs\imrbs-web\src\main\java\tw\huangcti\imrbs\web\controller\AuthController.java:61:8: '}' 前?有空格。 [WhitespaceAround]
[WARN] D:\developer\repos\imrbs\imrbs-web\src\main\java\tw\huangcti\imrbs\web\controller\AuthController.java:70:7: '{' 后?有空格。 [WhitespaceAround]
[WARN] D:\developer\repos\imrbs\imrbs-web\src\main\java\tw\huangcti\imrbs\web\controller\AuthController.java:70:8: '}' 前?有空格。 [WhitespaceAround]
[WARN] D:\developer\repos\imrbs\imrbs-web\src\main\java\tw\huangcti\imrbs\web\controller\AuthController.java:82:7: '{' 后?有空格。 [WhitespaceAround]
[WARN] D:\developer\repos\imrbs\imrbs-web\src\main\java\tw\huangcti\imrbs\web\controller\AuthController.java:82:8: '}' 前?有空格。 [WhitespaceAround]
[WARN] D:\developer\repos\imrbs\imrbs-web\src\main\java\tw\huangcti\imrbs\web\controller\AuthController.java:100:5: 方法 login 57 行（最多： 50 行）。 [MethodLength]
[WARN] D:\developer\repos\imrbs\imrbs-web\src\main\java\tw\huangcti\imrbs\web\controller\GuestController.java:17:47: 不?使用 '.*' 形式的?入 - org.springframework.web.bind.annotation.* 。 [AvoidStarImport]
[WARN] D:\developer\repos\imrbs\imrbs-web\src\main\java\tw\huangcti\imrbs\web\controller\MaintenanceController.java:13:47: 不?使用 '.*' 形式的?入 - org.springframework.web.bind.annotation.* 。 [AvoidStarImport]
[WARN] D:\developer\repos\imrbs\imrbs-web\src\main\java\tw\huangcti\imrbs\web\controller\ReportController.java:18:47: 不?使用 '.*' 形式的?入 - org.springframework.web.bind.annotation.* 。 [AvoidStarImport]
[WARN] D:\developer\repos\imrbs\imrbs-web\src\main\java\tw\huangcti\imrbs\web\controller\ReportController.java:56: 本行字符? 121?，最多：120?。 [LineLength]
[WARN] D:\developer\repos\imrbs\imrbs-web\src\main\java\tw\huangcti\imrbs\web\controller\ReportController.java:107: 本行字符? 123?，最多：120?。 [LineLength]
[WARN] D:\developer\repos\imrbs\imrbs-web\src\main\java\tw\huangcti\imrbs\web\controller\ReportController.java:143: 本行字符? 121?，最多：120?。 [LineLength]
[WARN] D:\developer\repos\imrbs\imrbs-web\src\main\java\tw\huangcti\imrbs\web\controller\ReservationController.java:8:8: ?用?入 - org.springframework.http.HttpStatus 。 [UnusedImports]
[WARN] D:\developer\repos\imrbs\imrbs-web\src\main\java\tw\huangcti\imrbs\web\controller\ReservationController.java:11:47: 不?使用 '.*' 形式的?入 - org.springframework.web.bind.annotation.* 。 [AvoidStarImport]
[WARN] D:\developer\repos\imrbs\imrbs-web\src\main\java\tw\huangcti\imrbs\web\controller\ReservationController.java:27:8: ?用?入 - java.util.stream.Collectors 。 [UnusedImports]
[INFO] D:\developer\repos\imrbs\imrbs-web\src\main\java\tw\huangcti\imrbs\web\controller\ReservationController.java:98:11: TODO?： 'TODO:' 。 [TodoComment]
[INFO] D:\developer\repos\imrbs\imrbs-web\src\main\java\tw\huangcti\imrbs\web\controller\ReservationController.java:131:11: TODO?： 'TODO:' 。 [TodoComment]
[INFO] D:\developer\repos\imrbs\imrbs-web\src\main\java\tw\huangcti\imrbs\web\controller\ReservationController.java:164:11: TODO?： 'TODO:' 。 [TodoComment]
[WARN] D:\developer\repos\imrbs\imrbs-web\src\main\java\tw\huangcti\imrbs\web\controller\RoomController.java:7:8: ?用?入 - jakarta.validation.Valid 。 [UnusedImports]
[WARN] D:\developer\repos\imrbs\imrbs-web\src\main\java\tw\huangcti\imrbs\web\controller\RoomController.java:13:47: 不?使用 '.*' 形式的?入 - org.springframework.web.bind.annotation.* 。 [AvoidStarImport]
[WARN] D:\developer\repos\imrbs\imrbs-web\src\main\java\tw\huangcti\imrbs\web\controller\RoomController.java:25:8: ?用?入 - java.time.LocalTime 。 [UnusedImports]
[WARN] D:\developer\repos\imrbs\imrbs-web\src\main\java\tw\huangcti\imrbs\web\controller\UserController.java:11:47: 不?使用 '.*' 形式的?入 - org.springframework.web.bind.annotation.* 。 [AvoidStarImport]
[WARN] D:\developer\repos\imrbs\imrbs-web\src\main\java\tw\huangcti\imrbs\web\controller\UserController.java:46:7: '{' 后?有空格。 [WhitespaceAround]
[WARN] D:\developer\repos\imrbs\imrbs-web\src\main\java\tw\huangcti\imrbs\web\controller\UserController.java:46:8: '}' 前?有空格。 [WhitespaceAround]
[WARN] D:\developer\repos\imrbs\imrbs-web\src\main\java\tw\huangcti\imrbs\web\dto\CreateReservationRequest.java:21:3: '{' 后?有空格。 [WhitespaceAround]
[WARN] D:\developer\repos\imrbs\imrbs-web\src\main\java\tw\huangcti\imrbs\web\dto\CreateReservationRequest.java:21:4: '}' 前?有空格。 [WhitespaceAround]
[WARN] D:\developer\repos\imrbs\imrbs-web\src\main\java\tw\huangcti\imrbs\web\dto\MaintenanceScheduleDTO.java:29:3: '{' 后?有空格。 [WhitespaceAround]
[WARN] D:\developer\repos\imrbs\imrbs-web\src\main\java\tw\huangcti\imrbs\web\dto\MaintenanceScheduleDTO.java:29:4: '}' 前?有空格。 [WhitespaceAround]
[WARN] D:\developer\repos\imrbs\imrbs-web\src\main\java\tw\huangcti\imrbs\web\dto\ReservationDTO.java:33:3: '{' 后?有空格。 [WhitespaceAround]
[WARN] D:\developer\repos\imrbs\imrbs-web\src\main\java\tw\huangcti\imrbs\web\dto\ReservationDTO.java:33:4: '}' 前?有空格。 [WhitespaceAround]
[WARN] D:\developer\repos\imrbs\imrbs-web\src\main\java\tw\huangcti\imrbs\web\dto\RoomDTO.java:3:8: ?用?入 - com.fasterxml.jackson.annotation.JsonFormat 。 [UnusedImports]
[WARN] D:\developer\repos\imrbs\imrbs-web\src\main\java\tw\huangcti\imrbs\web\dto\RoomDTO.java:6:8: ?用?入 - java.time.LocalDateTime 。 [UnusedImports]
[WARN] D:\developer\repos\imrbs\imrbs-web\src\main\java\tw\huangcti\imrbs\web\dto\RoomDTO.java:33:7: '{' 后?有空格。 [WhitespaceAround]
[WARN] D:\developer\repos\imrbs\imrbs-web\src\main\java\tw\huangcti\imrbs\web\dto\RoomDTO.java:33:8: '}' 前?有空格。 [WhitespaceAround]
[WARN] D:\developer\repos\imrbs\imrbs-web\src\main\java\tw\huangcti\imrbs\web\dto\TimeSlotDTO.java:20:3: '{' 后?有空格。 [WhitespaceAround]
[WARN] D:\developer\repos\imrbs\imrbs-web\src\main\java\tw\huangcti\imrbs\web\dto\TimeSlotDTO.java:20:4: '}' 前?有空格。 [WhitespaceAround]
[WARN] D:\developer\repos\imrbs\imrbs-web\src\main\java\tw\huangcti\imrbs\web\exception\GlobalExceptionHandler.java:14:42: 不?使用 '.*' 形式的?入 - tw.huangcti.imrbs.domain.exception.* 。 [AvoidStarImport]
[WARN] D:\developer\repos\imrbs\imrbs-web\src\main\java\tw\huangcti\imrbs\web\exception\GlobalExceptionHandler.java:183:7: '{' 后?有空格。 [WhitespaceAround]
[WARN] D:\developer\repos\imrbs\imrbs-web\src\main\java\tw\huangcti\imrbs\web\exception\GlobalExceptionHandler.java:183:8: '}' 前?有空格。 [WhitespaceAround]
[WARN] D:\developer\repos\imrbs\imrbs-web\src\main\java\tw\huangcti\imrbs\web\exception\GlobalExceptionHandler.java:194:7: '{' 后?有空格。 [WhitespaceAround]
[WARN] D:\developer\repos\imrbs\imrbs-web\src\main\java\tw\huangcti\imrbs\web\exception\GlobalExceptionHandler.java:194:8: '}' 前?有空格。 [WhitespaceAround]
[WARN] D:\developer\repos\imrbs\imrbs-web\src\main\java\tw\huangcti\imrbs\web\security\JwtService.java:3:23: 不?使用 '.*' 形式的?入 - io.jsonwebtoken.* 。 [AvoidStarImport]
[WARN] D:\developer\repos\imrbs\imrbs-web\src\main\java\tw\huangcti\imrbs\web\security\OAuth2Service.java:6:32: 不?使用 '.*' 形式的?入 - org.springframework.http.* 。 [AvoidStarImport]
[WARN] D:\developer\repos\imrbs\imrbs-web\src\main\java\tw\huangcti\imrbs\web\security\OAuth2Service.java:59:7: '{' 后?有空格。 [WhitespaceAround]
[WARN] D:\developer\repos\imrbs\imrbs-web\src\main\java\tw\huangcti\imrbs\web\security\OAuth2Service.java:59:8: '}' 前?有空格。 [WhitespaceAround]
[WARN] D:\developer\repos\imrbs\imrbs-web\src\main\java\tw\huangcti\imrbs\web\security\OAuth2Service.java:70:5: 方法 exchangeCode 70 行（最多： 50 行）。 [MethodLength]
[WARN] D:\developer\repos\imrbs\imrbs-web\src\main\java\tw\huangcti\imrbs\web\security\RateLimitingFilter.java:33:33: 名? 'log' 必?匹配表?式： '^[A-Z][A-Z0-9]*(_[A-Z0-9]+)*$' 。 [ConstantName]
[WARN] D:\developer\repos\imrbs\imrbs-web\src\main\java\tw\huangcti\imrbs\web\security\RateLimitingFilter.java:83: 本行字符? 143?，最多：120?。 [LineLength]
[WARN] D:\developer\repos\imrbs\imrbs-web\src\main\java\tw\huangcti\imrbs\web\security\RoleBasedAccessControl.java:10:28: 不?使用 '.*' 形式的?入 - java.lang.annotation.* 。 [AvoidStarImport]
[WARN] D:\developer\repos\imrbs\imrbs-web\src\main\java\tw\huangcti\imrbs\web\security\SecurityConfig.java:9:8: ?用?入 - org.springframework.security.config.annotation.web.configurers.AbstractHttpConfigurer 。 [UnusedImports]
[WARN] D:\developer\repos\imrbs\imrbs-web\src\main\java\tw\huangcti\imrbs\web\security\SecurityHeadersFilter.java:26:5: 方法 doFilterInternal 70 行（最多： 50 行）。 [MethodLength]
[WARN] D:\developer\repos\imrbs\imrbs-web\src\main\java\tw\huangcti\imrbs\web\security\SecurityHeadersFilter.java:37:40: '+' ?另起一行。 [OperatorWrap]
[WARN] D:\developer\repos\imrbs\imrbs-web\src\main\java\tw\huangcti\imrbs\web\security\SecurityHeadersFilter.java:38:69: '+' ?另起一行。 [OperatorWrap]
[WARN] D:\developer\repos\imrbs\imrbs-web\src\main\java\tw\huangcti\imrbs\web\security\SecurityHeadersFilter.java:39:54: '+' ?另起一行。 [OperatorWrap]
[WARN] D:\developer\repos\imrbs\imrbs-web\src\main\java\tw\huangcti\imrbs\web\security\SecurityHeadersFilter.java:40:49: '+' ?另起一行。 [OperatorWrap]
[WARN] D:\developer\repos\imrbs\imrbs-web\src\main\java\tw\huangcti\imrbs\web\security\SecurityHeadersFilter.java:41:43: '+' ?另起一行。 [OperatorWrap]
[WARN] D:\developer\repos\imrbs\imrbs-web\src\main\java\tw\huangcti\imrbs\web\security\SecurityHeadersFilter.java:42:76: '+' ?另起一行。 [OperatorWrap]
[WARN] D:\developer\repos\imrbs\imrbs-web\src\main\java\tw\huangcti\imrbs\web\security\SecurityHeadersFilter.java:74:36: '+' ?另起一行。 [OperatorWrap]
[WARN] D:\developer\repos\imrbs\imrbs-web\src\main\java\tw\huangcti\imrbs\web\security\SecurityHeadersFilter.java:75:35: '+' ?另起一行。 [OperatorWrap]
[WARN] D:\developer\repos\imrbs\imrbs-web\src\main\java\tw\huangcti\imrbs\web\security\SecurityHeadersFilter.java:76:31: '+' ?另起一行。 [OperatorWrap]
[WARN] D:\developer\repos\imrbs\imrbs-web\src\main\java\tw\huangcti\imrbs\web\security\SecurityHeadersFilter.java:77:32: '+' ?另起一行。 [OperatorWrap]
[WARN] D:\developer\repos\imrbs\imrbs-web\src\main\java\tw\huangcti\imrbs\web\security\SecurityHeadersFilter.java:78:28: '+' ?另起一行。 [OperatorWrap]
[WARN] D:\developer\repos\imrbs\imrbs-web\src\main\java\tw\huangcti\imrbs\web\security\SecurityHeadersFilter.java:79:37: '+' ?另起一行。 [OperatorWrap]
[WARN] D:\developer\repos\imrbs\imrbs-web\src\main\java\tw\huangcti\imrbs\web\security\SecurityHeadersFilter.java:80:38: '+' ?另起一行。 [OperatorWrap]
[WARN] D:\developer\repos\imrbs\imrbs-web\src\main\java\tw\huangcti\imrbs\web\security\SsoIntegrationService.java:41:5: 方法 handleSsoLogin 53 行（最多： 50 行）。 [MethodLength]
[WARN] D:\developer\repos\imrbs\imrbs-web\src\main\java\tw\huangcti\imrbs\web\security\SsoIntegrationService.java:167:85: '-' ?另起一行。 [OperatorWrap]
[WARN] D:\developer\repos\imrbs\imrbs-web\src\test\java\tw\huangcti\imrbs\web\config\TestSecurityConfig.java:18:67: 不?使用 '.*' 形式的?入 - tw.huangcti.imrbs.infrastructure.persistence.jpa.repository.* 。 [AvoidStarImport]
[WARN] D:\developer\repos\imrbs\imrbs-web\src\test\java\tw\huangcti\imrbs\web\controller\GuestControllerTest.java:27:43: 不?使用 '.*' 形式的?入 - org.mockito.ArgumentMatchers.* 。 [AvoidStarImport]
[WARN] D:\developer\repos\imrbs\imrbs-web\src\test\java\tw\huangcti\imrbs\web\controller\GuestControllerTest.java:28:34: 不?使用 '.*' 形式的?入 - org.mockito.Mockito.* 。 [AvoidStarImport]
[WARN] D:\developer\repos\imrbs\imrbs-web\src\test\java\tw\huangcti\imrbs\web\controller\GuestControllerTest.java:30:82: 不?使用 '.*' 形式的?入 - org.springframework.test.web.servlet.request.MockMvcRequestBuilders.* 。 [AvoidStarImport]
[WARN] D:\developer\repos\imrbs\imrbs-web\src\test\java\tw\huangcti\imrbs\web\controller\GuestControllerTest.java:31:80: 不?使用 '.*' 形式的?入 - org.springframework.test.web.servlet.result.MockMvcResultMatchers.* 。 [AvoidStarImport]
[WARN] D:\developer\repos\imrbs\imrbs-web\src\test\java\tw\huangcti\imrbs\web\controller\GuestControllerTest.java:408:38: 第 38 ?字符 '{' 后??行。 [LeftCurly]
[WARN] D:\developer\repos\imrbs\imrbs-web\src\test\java\tw\huangcti\imrbs\web\controller\GuestControllerTest.java:409:52: 第 52 ?字符 '{' 后??行。 [LeftCurly]
[WARN] D:\developer\repos\imrbs\imrbs-web\src\test\java\tw\huangcti\imrbs\web\controller\GuestControllerTest.java:410:39: 第 39 ?字符 '{' 后??行。 [LeftCurly]
[WARN] D:\developer\repos\imrbs\imrbs-web\src\test\java\tw\huangcti\imrbs\web\controller\GuestControllerTest.java:411:54: 第 54 ?字符 '{' 后??行。 [LeftCurly]
[WARN] D:\developer\repos\imrbs\imrbs-web\src\test\java\tw\huangcti\imrbs\web\controller\GuestControllerTest.java:412:39: 第 39 ?字符 '{' 后??行。 [LeftCurly]
[WARN] D:\developer\repos\imrbs\imrbs-web\src\test\java\tw\huangcti\imrbs\web\controller\GuestControllerTest.java:413:54: 第 54 ?字符 '{' 后??行。 [LeftCurly]
[WARN] D:\developer\repos\imrbs\imrbs-web\src\test\java\tw\huangcti\imrbs\web\controller\GuestControllerTest.java:414:41: 第 41 ?字符 '{' 后??行。 [LeftCurly]
[WARN] D:\developer\repos\imrbs\imrbs-web\src\test\java\tw\huangcti\imrbs\web\controller\GuestControllerTest.java:415:58: 第 58 ?字符 '{' 后??行。 [LeftCurly]
[WARN] D:\developer\repos\imrbs\imrbs-web\src\test\java\tw\huangcti\imrbs\web\controller\GuestControllerTest.java:416:33: 第 33 ?字符 '{' 后??行。 [LeftCurly]
[WARN] D:\developer\repos\imrbs\imrbs-web\src\test\java\tw\huangcti\imrbs\web\controller\GuestControllerTest.java:417:44: 第 44 ?字符 '{' 后??行。 [LeftCurly]
[WARN] D:\developer\repos\imrbs\imrbs-web\src\test\java\tw\huangcti\imrbs\web\controller\GuestControllerTest.java:418:41: 第 41 ?字符 '{' 后??行。 [LeftCurly]
[WARN] D:\developer\repos\imrbs\imrbs-web\src\test\java\tw\huangcti\imrbs\web\controller\GuestControllerTest.java:419:58: 第 58 ?字符 '{' 后??行。 [LeftCurly]
[WARN] D:\developer\repos\imrbs\imrbs-web\src\test\java\tw\huangcti\imrbs\web\controller\GuestControllerTest.java:420:54: 第 54 ?字符 '{' 后??行。 [LeftCurly]
[WARN] D:\developer\repos\imrbs\imrbs-web\src\test\java\tw\huangcti\imrbs\web\controller\GuestControllerTest.java:421: 本行字符? 125?，最多：120?。 [LineLength]
[WARN] D:\developer\repos\imrbs\imrbs-web\src\test\java\tw\huangcti\imrbs\web\controller\GuestControllerTest.java:421:77: 第 77 ?字符 '{' 后??行。 [LeftCurly]
[WARN] D:\developer\repos\imrbs\imrbs-web\src\test\java\tw\huangcti\imrbs\web\controller\GuestControllerTest.java:422:52: 第 52 ?字符 '{' 后??行。 [LeftCurly]
[WARN] D:\developer\repos\imrbs\imrbs-web\src\test\java\tw\huangcti\imrbs\web\controller\GuestControllerTest.java:423:73: 第 73 ?字符 '{' 后??行。 [LeftCurly]
[WARN] D:\developer\repos\imrbs\imrbs-web\src\test\java\tw\huangcti\imrbs\web\controller\GuestControllerTest.java:424:43: 第 43 ?字符 '{' 后??行。 [LeftCurly]
[WARN] D:\developer\repos\imrbs\imrbs-web\src\test\java\tw\huangcti\imrbs\web\controller\GuestControllerTest.java:425:61: 第 61 ?字符 '{' 后??行。 [LeftCurly]
[WARN] D:\developer\repos\imrbs\imrbs-web\src\test\java\tw\huangcti\imrbs\web\controller\GuestControllerTest.java:426:36: 第 36 ?字符 '{' 后??行。 [LeftCurly]
[WARN] D:\developer\repos\imrbs\imrbs-web\src\test\java\tw\huangcti\imrbs\web\controller\GuestControllerTest.java:427:48: 第 48 ?字符 '{' 后??行。 [LeftCurly]
[WARN] D:\developer\repos\imrbs\imrbs-web\src\test\java\tw\huangcti\imrbs\web\controller\GuestControllerTest.java:433:35: 第 35 ?字符 '{' 后??行。 [LeftCurly]
[WARN] D:\developer\repos\imrbs\imrbs-web\src\test\java\tw\huangcti\imrbs\web\controller\GuestControllerTest.java:434:46: 第 46 ?字符 '{' 后??行。 [LeftCurly]
[WARN] D:\developer\repos\imrbs\imrbs-web\src\test\java\tw\huangcti\imrbs\web\integration\ExternalServiceIntegrationTest.java:4:29: 不?使用 '.*' 形式的?入 - org.junit.jupiter.api.* 。 [AvoidStarImport]
[WARN] D:\developer\repos\imrbs\imrbs-web\src\test\java\tw\huangcti\imrbs\web\integration\ExternalServiceIntegrationTest.java:8:32: 不?使用 '.*' 形式的?入 - org.springframework.http.* 。 [AvoidStarImport]
[WARN] D:\developer\repos\imrbs\imrbs-web\src\test\java\tw\huangcti\imrbs\web\integration\ExternalServiceIntegrationTest.java:15:36: 不?使用 '.*' 形式的?入 - org.hamcrest.Matchers.* 。 [AvoidStarImport]
[WARN] D:\developer\repos\imrbs\imrbs-web\src\test\java\tw\huangcti\imrbs\web\integration\ExternalServiceIntegrationTest.java:16:82: 不?使用 '.*' 形式的?入 - org.springframework.test.web.servlet.request.MockMvcRequestBuilders.* 。 [AvoidStarImport]
[WARN] D:\developer\repos\imrbs\imrbs-web\src\test\java\tw\huangcti\imrbs\web\integration\ExternalServiceIntegrationTest.java:17:80: 不?使用 '.*' 形式的?入 - org.springframework.test.web.servlet.result.MockMvcResultMatchers.* 。 [AvoidStarImport]
[WARN] D:\developer\repos\imrbs\imrbs-web\src\test\java\tw\huangcti\imrbs\web\integration\ExternalServiceIntegrationTest.java:47:39: 名? 'restTemplate' 必?匹配表?式： '^[A-Z][A-Z0-9]*(_[A-Z0-9]+)*$' 。 [ConstantName]
[WARN] D:\developer\repos\imrbs\imrbs-web\src\test\java\tw\huangcti\imrbs\web\integration\ExternalServiceIntegrationTest.java:222:49: '+' ?另起一行。 [OperatorWrap]
[WARN] D:\developer\repos\imrbs\imrbs-web\src\test\java\tw\huangcti\imrbs\web\integration\ExternalServiceIntegrationTest.java:223:47: '+' ?另起一行。 [OperatorWrap]
[WARN] D:\developer\repos\imrbs\imrbs-web\src\test\java\tw\huangcti\imrbs\web\integration\ExternalServiceIntegrationTest.java:224:45: '+' ?另起一行。 [OperatorWrap]
[WARN] D:\developer\repos\imrbs\imrbs-web\src\test\java\tw\huangcti\imrbs\web\integration\ExternalServiceIntegrationTest.java:225:45: '+' ?另起一行。 [OperatorWrap]
[WARN] D:\developer\repos\imrbs\imrbs-web\src\test\java\tw\huangcti\imrbs\web\security\JwtServiceTest.java:16:46: 不?使用 '.*' 形式的?入 - org.assertj.core.api.Assertions.* 。 [AvoidStarImport]
[WARN] D:\developer\repos\imrbs\imrbs-web\src\test\java\tw\huangcti\imrbs\web\security\RoleBasedAccessControlTest.java:12:82: 不?使用 '.*' 形式的?入 - org.springframework.test.web.servlet.request.MockMvcRequestBuilders.* 。 [AvoidStarImport]
[WARN] D:\developer\repos\imrbs\imrbs-web\src\test\java\tw\huangcti\imrbs\web\security\RoleBasedAccessControlTest.java:13:80: 不?使用 '.*' 形式的?入 - org.springframework.test.web.servlet.result.MockMvcResultMatchers.* 。 [AvoidStarImport]
?查完成。
[WARNING] Unable to locate Source XRef to link to - DISABLED
[WARNING] Unable to locate Test Source XRef to link to - DISABLED
[INFO] 
[INFO] --- jacoco:0.8.12:prepare-agent (prepare-agent) @ imrbs-web ---
[INFO] argLine set to -javaagent:d:\\repo\\org\\jacoco\\org.jacoco.agent\\0.8.12\\org.jacoco.agent-0.8.12-runtime.jar=destfile=D:\\developer\\repos\\imrbs\\imrbs-web\\target\\jacoco.exec
[INFO] 
[INFO] --- resources:3.3.1:resources (default-resources) @ imrbs-web ---
[INFO] Copying 7 resources from src\main\resources to target\classes
[INFO] 
[INFO] --- compiler:3.13.0:compile (default-compile) @ imrbs-web ---
[INFO] Nothing to compile - all classes are up to date.
[INFO] 
[INFO] --- resources:3.3.1:testResources (default-testResources) @ imrbs-web ---
[INFO] Copying 2 resources from src\test\resources to target\test-classes
[INFO] 
[INFO] --- compiler:3.13.0:testCompile (default-testCompile) @ imrbs-web ---
[INFO] Nothing to compile - all classes are up to date.
[INFO] 
[INFO] --- surefire:3.5.2:test (default-test) @ imrbs-web ---
[INFO] Using auto detected provider org.apache.maven.surefire.junitplatform.JUnitPlatformProvider
[INFO] 
[INFO] -------------------------------------------------------
[INFO]  T E S T S
[INFO] -------------------------------------------------------
[INFO] Running tw.huangcti.imrbs.web.controller.GuestControllerTest
16:47:54.963 [main] INFO org.springframework.test.context.support.AnnotationConfigContextLoaderUtils -- Could not detect default configuration classes for test class [tw.huangcti.imrbs.web.controller.GuestControllerTest]: GuestControllerTest does not declare any static, non-private, non-final, nested classes annotated with @Configuration.
16:47:55.184 [main] INFO org.springframework.boot.test.context.SpringBootTestContextBootstrapper -- Found @SpringBootConfiguration tw.huangcti.imrbs.ImrbsApplication for test class tw.huangcti.imrbs.web.controller.GuestControllerTest
[INFO] Running tw.huangcti.imrbs.web.controller.GuestControllerTest$GetGuestRequestStatus
16:47:55.216 [main] INFO org.springframework.test.context.support.AnnotationConfigContextLoaderUtils -- Could not detect default configuration classes for test class [tw.huangcti.imrbs.web.controller.GuestControllerTest$GetGuestRequestStatus]: GetGuestRequestStatus does not declare any static, non-private, non-final, nested classes annotated with @Configuration.
16:47:55.235 [main] INFO org.springframework.boot.test.context.SpringBootTestContextBootstrapper -- Found @SpringBootConfiguration tw.huangcti.imrbs.ImrbsApplication for test class tw.huangcti.imrbs.web.controller.GuestControllerTest$GetGuestRequestStatus
16:47:54,732 |-INFO in ch.qos.logback.classic.LoggerContext[default] - This is logback-classic version 1.5.12
16:47:54,733 |-INFO in ch.qos.logback.classic.util.ContextInitializer@16a49a5d - Here is a list of configurators discovered as a service, by rank: 
16:47:54,733 |-INFO in ch.qos.logback.classic.util.ContextInitializer@16a49a5d -   org.springframework.boot.logging.logback.RootLogLevelConfigurator
16:47:54,733 |-INFO in ch.qos.logback.classic.util.ContextInitializer@16a49a5d - They will be invoked in order until ExecutionStatus.DO_NOT_INVOKE_NEXT_IF_ANY is returned.
16:47:54,733 |-INFO in ch.qos.logback.classic.util.ContextInitializer@16a49a5d - Constructed configurator of type class org.springframework.boot.logging.logback.RootLogLevelConfigurator
16:47:54,736 |-INFO in ch.qos.logback.classic.util.ContextInitializer@16a49a5d - org.springframework.boot.logging.logback.RootLogLevelConfigurator.configure() call lasted 1 milliseconds. ExecutionStatus=INVOKE_NEXT_IF_ANY
16:47:54,736 |-INFO in ch.qos.logback.classic.util.ContextInitializer@16a49a5d - Trying to configure with ch.qos.logback.classic.joran.SerializedModelConfigurator
16:47:54,737 |-INFO in ch.qos.logback.classic.util.ContextInitializer@16a49a5d - Constructed configurator of type class ch.qos.logback.classic.joran.SerializedModelConfigurator
16:47:54,737 |-INFO in ch.qos.logback.classic.LoggerContext[default] - Could NOT find resource [logback-test.scmo]
16:47:54,737 |-INFO in ch.qos.logback.classic.LoggerContext[default] - Could NOT find resource [logback.scmo]
16:47:54,737 |-INFO in ch.qos.logback.classic.util.ContextInitializer@16a49a5d - ch.qos.logback.classic.joran.SerializedModelConfigurator.configure() call lasted 0 milliseconds. ExecutionStatus=INVOKE_NEXT_IF_ANY
16:47:54,737 |-INFO in ch.qos.logback.classic.util.ContextInitializer@16a49a5d - Trying to configure with ch.qos.logback.classic.util.DefaultJoranConfigurator
16:47:54,738 |-INFO in ch.qos.logback.classic.util.ContextInitializer@16a49a5d - Constructed configurator of type class ch.qos.logback.classic.util.DefaultJoranConfigurator
16:47:54,739 |-INFO in ch.qos.logback.classic.LoggerContext[default] - Could NOT find resource [logback-test.xml]
16:47:54,739 |-INFO in ch.qos.logback.classic.LoggerContext[default] - Could NOT find resource [logback.xml]
16:47:54,739 |-INFO in ch.qos.logback.classic.util.ContextInitializer@16a49a5d - ch.qos.logback.classic.util.DefaultJoranConfigurator.configure() call lasted 1 milliseconds. ExecutionStatus=INVOKE_NEXT_IF_ANY
16:47:54,739 |-INFO in ch.qos.logback.classic.util.ContextInitializer@16a49a5d - Trying to configure with ch.qos.logback.classic.BasicConfigurator
16:47:54,740 |-INFO in ch.qos.logback.classic.util.ContextInitializer@16a49a5d - Constructed configurator of type class ch.qos.logback.classic.BasicConfigurator
16:47:54,740 |-INFO in ch.qos.logback.classic.BasicConfigurator@54bca971 - Setting up default configuration.
16:47:54,751 |-INFO in ch.qos.logback.classic.util.ContextInitializer@16a49a5d - ch.qos.logback.classic.BasicConfigurator.configure() call lasted 11 milliseconds. ExecutionStatus=NEUTRAL
16:47:55,655 |-INFO in ch.qos.logback.core.model.processor.ModelInterpretationContext@23706db8 - value "logs" substituted for "${LOG_PATH:-logs}"
16:47:55,658 |-INFO in ch.qos.logback.classic.model.processor.ConfigurationModelHandlerFull - Registering a new ReconfigureOnChangeTask ReconfigureOnChangeTask(born:1764924475657)
16:47:55,658 |-INFO in ch.qos.logback.classic.model.processor.ConfigurationModelHandlerFull - Will scan for changes in [ConfigurationWatchList(mainURL=file:/D:/developer/repos/imrbs/imrbs-web/target/classes/logback-spring.xml, fileWatchList={D:\developer\repos\imrbs\imrbs-web\target\classes\logback-spring.xml}, urlWatchList=[})] 
16:47:55,658 |-INFO in ch.qos.logback.classic.model.processor.ConfigurationModelHandlerFull - Setting ReconfigureOnChangeTask scanning period to 30 seconds
16:47:55,662 |-INFO in ch.qos.logback.core.model.processor.AppenderModelHandler - Processing appender named [CONSOLE]
16:47:55,662 |-INFO in ch.qos.logback.core.model.processor.AppenderModelHandler - About to instantiate appender of type [ch.qos.logback.core.ConsoleAppender]
16:47:55,665 |-INFO in ch.qos.logback.core.model.processor.ImplicitModelHandler - Assuming default type [ch.qos.logback.classic.encoder.PatternLayoutEncoder] for [encoder] property
16:47:55,666 |-INFO in ch.qos.logback.core.model.processor.ModelInterpretationContext@23706db8 - value "%d{yyyy-MM-dd HH:mm:ss.SSS} [%thread] %-5level %logger{50} - %msg%n" substituted for "${LOG_PATTERN}"
16:47:55,680 |-INFO in ch.qos.logback.core.model.processor.AppenderModelHandler - Processing appender named [FILE]
16:47:55,680 |-INFO in ch.qos.logback.core.model.processor.AppenderModelHandler - About to instantiate appender of type [ch.qos.logback.core.rolling.RollingFileAppender]
16:47:55,682 |-INFO in ch.qos.logback.core.model.processor.ModelInterpretationContext@23706db8 - value "logs/imrbs.log" substituted for "${LOG_PATH}/${APP_NAME}.log"
16:47:55,683 |-INFO in ch.qos.logback.core.model.processor.ImplicitModelHandler - Assuming default type [ch.qos.logback.classic.encoder.PatternLayoutEncoder] for [encoder] property
16:47:55,683 |-INFO in ch.qos.logback.core.model.processor.ModelInterpretationContext@23706db8 - value "%d{yyyy-MM-dd HH:mm:ss.SSS} [%thread] %-5level %logger{50} - %msg%n" substituted for "${LOG_PATTERN}"
16:47:55,686 |-INFO in ch.qos.logback.core.model.processor.ModelInterpretationContext@23706db8 - value "logs/imrbs.%d{yyyy-MM-dd}.%i.log.gz" substituted for "${LOG_PATH}/${APP_NAME}.%d{yyyy-MM-dd}.%i.log.gz"
16:47:55,694 |-INFO in c.q.l.core.rolling.SizeAndTimeBasedRollingPolicy@542895457 - setting totalSizeCap to 3 GB
16:47:55,696 |-INFO in c.q.l.core.rolling.SizeAndTimeBasedRollingPolicy@542895457 - Archive files will be limited to [100 MB] each.
16:47:55,698 |-INFO in c.q.l.core.rolling.SizeAndTimeBasedRollingPolicy@542895457 - Will use gz compression
16:47:55,699 |-INFO in c.q.l.core.rolling.SizeAndTimeBasedRollingPolicy@542895457 - Will use the pattern logs/imrbs.%d{yyyy-MM-dd}.%i.log for the active file
16:47:55,700 |-INFO in ch.qos.logback.core.rolling.SizeAndTimeBasedFileNamingAndTriggeringPolicy@129fed45 - The date pattern is 'yyyy-MM-dd' from file name pattern 'logs/imrbs.%d{yyyy-MM-dd}.%i.log.gz'.
16:47:55,700 |-INFO in ch.qos.logback.core.rolling.SizeAndTimeBasedFileNamingAndTriggeringPolicy@129fed45 - Roll-over at midnight.
16:47:55,701 |-INFO in ch.qos.logback.core.rolling.SizeAndTimeBasedFileNamingAndTriggeringPolicy@129fed45 - Setting initial period to 2025-12-05T08:46:38.954Z
16:47:55,705 |-INFO in ch.qos.logback.core.rolling.RollingFileAppender[FILE] - Active log file name: logs/imrbs.log
16:47:55,706 |-INFO in ch.qos.logback.core.rolling.RollingFileAppender[FILE] - Setting currentFileLength to 2160533 for logs\imrbs.log
16:47:55,706 |-INFO in ch.qos.logback.core.rolling.RollingFileAppender[FILE] - File property is set to [logs/imrbs.log]
16:47:55,707 |-INFO in ch.qos.logback.core.model.processor.AppenderModelHandler - Processing appender named [JSON_FILE]
16:47:55,707 |-INFO in ch.qos.logback.core.model.processor.AppenderModelHandler - About to instantiate appender of type [ch.qos.logback.core.rolling.RollingFileAppender]
16:47:55,708 |-INFO in ch.qos.logback.core.model.processor.ModelInterpretationContext@23706db8 - value "logs/imrbs-json.log" substituted for "${LOG_PATH}/${APP_NAME}-json.log"
16:47:55,709 |-INFO in ch.qos.logback.core.model.processor.ModelInterpretationContext@23706db8 - value "{"timestamp":"%d{yyyy-MM-dd HH:mm:ss.SSS}","level":"%level","thread":"%thread","logger":"%logger","message":"%msg","stackTrace":"%ex"}%n" substituted for "${JSON_LOG_PATTERN}%n"
16:47:55,709 |-INFO in ch.qos.logback.core.model.processor.ModelInterpretationContext@23706db8 - value "logs/imrbs-json.%d{yyyy-MM-dd}.%i.log.gz" substituted for "${LOG_PATH}/${APP_NAME}-json.%d{yyyy-MM-dd}.%i.log.gz"
16:47:55,709 |-INFO in c.q.l.core.rolling.SizeAndTimeBasedRollingPolicy@593045830 - setting totalSizeCap to 1 GB
16:47:55,709 |-INFO in c.q.l.core.rolling.SizeAndTimeBasedRollingPolicy@593045830 - Archive files will be limited to [100 MB] each.
16:47:55,711 |-INFO in c.q.l.core.rolling.SizeAndTimeBasedRollingPolicy@593045830 - Will use gz compression
16:47:55,711 |-INFO in c.q.l.core.rolling.SizeAndTimeBasedRollingPolicy@593045830 - Will use the pattern logs/imrbs-json.%d{yyyy-MM-dd}.%i.log for the active file
16:47:55,711 |-INFO in ch.qos.logback.core.rolling.SizeAndTimeBasedFileNamingAndTriggeringPolicy@3e48d38 - The date pattern is 'yyyy-MM-dd' from file name pattern 'logs/imrbs-json.%d{yyyy-MM-dd}.%i.log.gz'.
16:47:55,711 |-INFO in ch.qos.logback.core.rolling.SizeAndTimeBasedFileNamingAndTriggeringPolicy@3e48d38 - Roll-over at midnight.
16:47:55,712 |-INFO in ch.qos.logback.core.rolling.SizeAndTimeBasedFileNamingAndTriggeringPolicy@3e48d38 - Setting initial period to 2025-12-05T03:45:27.860Z
16:47:55,713 |-INFO in ch.qos.logback.core.rolling.RollingFileAppender[JSON_FILE] - Active log file name: logs/imrbs-json.log
16:47:55,713 |-INFO in ch.qos.logback.core.rolling.RollingFileAppender[JSON_FILE] - Setting currentFileLength to 0 for logs\imrbs-json.log
16:47:55,713 |-INFO in ch.qos.logback.core.rolling.RollingFileAppender[JSON_FILE] - File property is set to [logs/imrbs-json.log]
16:47:55,713 |-INFO in ch.qos.logback.core.model.processor.AppenderModelHandler - Processing appender named [ERROR_FILE]
16:47:55,713 |-INFO in ch.qos.logback.core.model.processor.AppenderModelHandler - About to instantiate appender of type [ch.qos.logback.core.rolling.RollingFileAppender]
16:47:55,713 |-INFO in ch.qos.logback.core.model.processor.ModelInterpretationContext@23706db8 - value "logs/imrbs-error.log" substituted for "${LOG_PATH}/${APP_NAME}-error.log"
16:47:55,715 |-INFO in ch.qos.logback.core.model.processor.ImplicitModelHandler - Assuming default type [ch.qos.logback.classic.encoder.PatternLayoutEncoder] for [encoder] property
16:47:55,715 |-INFO in ch.qos.logback.core.model.processor.ModelInterpretationContext@23706db8 - value "%d{yyyy-MM-dd HH:mm:ss.SSS} [%thread] %-5level %logger{50} - %msg%n" substituted for "${LOG_PATTERN}"
16:47:55,716 |-INFO in ch.qos.logback.core.model.processor.ModelInterpretationContext@23706db8 - value "logs/imrbs-error.%d{yyyy-MM-dd}.%i.log.gz" substituted for "${LOG_PATH}/${APP_NAME}-error.%d{yyyy-MM-dd}.%i.log.gz"
16:47:55,716 |-INFO in c.q.l.core.rolling.SizeAndTimeBasedRollingPolicy@2083215552 - setting totalSizeCap to 2 GB
16:47:55,716 |-INFO in c.q.l.core.rolling.SizeAndTimeBasedRollingPolicy@2083215552 - Archive files will be limited to [50 MB] each.
16:47:55,716 |-INFO in c.q.l.core.rolling.SizeAndTimeBasedRollingPolicy@2083215552 - Will use gz compression
16:47:55,716 |-INFO in c.q.l.core.rolling.SizeAndTimeBasedRollingPolicy@2083215552 - Will use the pattern logs/imrbs-error.%d{yyyy-MM-dd}.%i.log for the active file
16:47:55,716 |-INFO in ch.qos.logback.core.rolling.SizeAndTimeBasedFileNamingAndTriggeringPolicy@11b377c5 - The date pattern is 'yyyy-MM-dd' from file name pattern 'logs/imrbs-error.%d{yyyy-MM-dd}.%i.log.gz'.
16:47:55,716 |-INFO in ch.qos.logback.core.rolling.SizeAndTimeBasedFileNamingAndTriggeringPolicy@11b377c5 - Roll-over at midnight.
16:47:55,717 |-INFO in ch.qos.logback.core.rolling.SizeAndTimeBasedFileNamingAndTriggeringPolicy@11b377c5 - Setting initial period to 2025-12-05T07:12:09.760Z
16:47:55,718 |-INFO in ch.qos.logback.core.rolling.RollingFileAppender[ERROR_FILE] - Active log file name: logs/imrbs-error.log
16:47:55,718 |-INFO in ch.qos.logback.core.rolling.RollingFileAppender[ERROR_FILE] - Setting currentFileLength to 1155108 for logs\imrbs-error.log
16:47:55,718 |-INFO in ch.qos.logback.core.rolling.RollingFileAppender[ERROR_FILE] - File property is set to [logs/imrbs-error.log]
16:47:55,718 |-INFO in ch.qos.logback.core.model.processor.AppenderModelHandler - Processing appender named [ASYNC_FILE]
16:47:55,718 |-INFO in ch.qos.logback.core.model.processor.AppenderModelHandler - About to instantiate appender of type [ch.qos.logback.classic.AsyncAppender]
16:47:55,720 |-INFO in ch.qos.logback.core.model.processor.AppenderRefModelHandler - Attaching appender named [FILE] to ch.qos.logback.classic.AsyncAppender[ASYNC_FILE]
16:47:55,720 |-INFO in ch.qos.logback.classic.AsyncAppender[ASYNC_FILE] - Attaching appender named [FILE] to AsyncAppender.
16:47:55,721 |-INFO in ch.qos.logback.classic.AsyncAppender[ASYNC_FILE] - Setting discardingThreshold to 0
16:47:55,722 |-WARN in ch.qos.logback.core.model.processor.AppenderModelHandler - Appender named [ASYNC_JSON] not referenced. Skipping further processing.
16:47:55,722 |-INFO in ch.qos.logback.classic.model.processor.LoggerModelHandler - Setting level of logger [tw.huangcti.imrbs] to DEBUG
16:47:55,722 |-INFO in ch.qos.logback.classic.jul.LevelChangePropagator@7bca6fac - Propagating DEBUG level on Logger[tw.huangcti.imrbs] onto the JUL framework
16:47:55,723 |-INFO in ch.qos.logback.classic.model.processor.LoggerModelHandler - Setting additivity of logger [tw.huangcti.imrbs] to false
16:47:55,723 |-INFO in ch.qos.logback.core.model.processor.AppenderRefModelHandler - Attaching appender named [CONSOLE] to Logger[tw.huangcti.imrbs]
16:47:55,723 |-INFO in ch.qos.logback.core.model.processor.AppenderRefModelHandler - Attaching appender named [ASYNC_FILE] to Logger[tw.huangcti.imrbs]
16:47:55,723 |-INFO in ch.qos.logback.core.model.processor.AppenderRefModelHandler - Attaching appender named [ERROR_FILE] to Logger[tw.huangcti.imrbs]
16:47:55,723 |-INFO in ch.qos.logback.classic.model.processor.LoggerModelHandler - Setting level of logger [org.springframework] to INFO
16:47:55,723 |-INFO in ch.qos.logback.classic.jul.LevelChangePropagator@7bca6fac - Propagating INFO level on Logger[org.springframework] onto the JUL framework
16:47:55,723 |-INFO in ch.qos.logback.classic.model.processor.LoggerModelHandler - Setting level of logger [org.springframework.security] to INFO
16:47:55,723 |-INFO in ch.qos.logback.classic.jul.LevelChangePropagator@7bca6fac - Propagating INFO level on Logger[org.springframework.security] onto the JUL framework
16:47:55,723 |-INFO in ch.qos.logback.classic.model.processor.LoggerModelHandler - Setting level of logger [org.springframework.web] to INFO
16:47:55,723 |-INFO in ch.qos.logback.classic.jul.LevelChangePropagator@7bca6fac - Propagating INFO level on Logger[org.springframework.web] onto the JUL framework
16:47:55,723 |-INFO in ch.qos.logback.classic.model.processor.LoggerModelHandler - Setting level of logger [org.springframework.data] to INFO
16:47:55,723 |-INFO in ch.qos.logback.classic.jul.LevelChangePropagator@7bca6fac - Propagating INFO level on Logger[org.springframework.data] onto the JUL framework
16:47:55,723 |-INFO in ch.qos.logback.classic.model.processor.LoggerModelHandler - Setting level of logger [org.hibernate] to WARN
16:47:55,723 |-INFO in ch.qos.logback.classic.jul.LevelChangePropagator@7bca6fac - Propagating WARN level on Logger[org.hibernate] onto the JUL framework
16:47:55,723 |-INFO in ch.qos.logback.classic.model.processor.LoggerModelHandler - Setting level of logger [org.hibernate.SQL] to DEBUG
16:47:55,723 |-INFO in ch.qos.logback.classic.jul.LevelChangePropagator@7bca6fac - Propagating DEBUG level on Logger[org.hibernate.SQL] onto the JUL framework
16:47:55,723 |-INFO in ch.qos.logback.classic.model.processor.LoggerModelHandler - Setting level of logger [org.hibernate.type.descriptor.sql.BasicBinder] to TRACE
16:47:55,723 |-INFO in ch.qos.logback.classic.jul.LevelChangePropagator@7bca6fac - Propagating TRACE level on Logger[org.hibernate.type.descriptor.sql.BasicBinder] onto the JUL framework
16:47:55,723 |-INFO in ch.qos.logback.classic.model.processor.LoggerModelHandler - Setting level of logger [com.zaxxer.hikari] to WARN
16:47:55,723 |-INFO in ch.qos.logback.classic.jul.LevelChangePropagator@7bca6fac - Propagating WARN level on Logger[com.zaxxer.hikari] onto the JUL framework
16:47:55,723 |-INFO in ch.qos.logback.classic.model.processor.LoggerModelHandler - Setting level of logger [com.zaxxer.hikari.HikariConfig] to DEBUG
16:47:55,723 |-INFO in ch.qos.logback.classic.jul.LevelChangePropagator@7bca6fac - Propagating DEBUG level on Logger[com.zaxxer.hikari.HikariConfig] onto the JUL framework
16:47:55,723 |-INFO in ch.qos.logback.classic.model.processor.LoggerModelHandler - Setting level of logger [org.apache] to WARN
16:47:55,723 |-INFO in ch.qos.logback.classic.jul.LevelChangePropagator@7bca6fac - Propagating WARN level on Logger[org.apache] onto the JUL framework
16:47:55,724 |-INFO in ch.qos.logback.classic.model.processor.LoggerModelHandler - Setting level of logger [io.lettuce] to WARN
16:47:55,724 |-INFO in ch.qos.logback.classic.jul.LevelChangePropagator@7bca6fac - Propagating WARN level on Logger[io.lettuce] onto the JUL framework
16:47:55,724 |-INFO in ch.qos.logback.classic.model.processor.LoggerModelHandler - Setting level of logger [io.netty] to WARN
16:47:55,724 |-INFO in ch.qos.logback.classic.jul.LevelChangePropagator@7bca6fac - Propagating WARN level on Logger[io.netty] onto the JUL framework
16:47:55,724 |-INFO in ch.qos.logback.classic.model.processor.RootLoggerModelHandler - Setting level of ROOT logger to INFO
16:47:55,724 |-INFO in ch.qos.logback.classic.jul.LevelChangePropagator@7bca6fac - Propagating INFO level on Logger[ROOT] onto the JUL framework
16:47:55,724 |-INFO in ch.qos.logback.core.model.processor.AppenderRefModelHandler - Attaching appender named [CONSOLE] to Logger[ROOT]
16:47:55,724 |-INFO in ch.qos.logback.classic.model.processor.LoggerModelHandler - Setting level of logger [tw.huangcti.imrbs] to DEBUG
16:47:55,724 |-INFO in ch.qos.logback.classic.model.processor.LoggerModelHandler - Setting level of logger [org.hibernate.SQL] to DEBUG
16:47:55,724 |-INFO in ch.qos.logback.classic.model.processor.RootLoggerModelHandler - Setting level of ROOT logger to INFO
16:47:55,724 |-INFO in ch.qos.logback.core.model.processor.AppenderRefModelHandler - Attaching appender named [CONSOLE] to Logger[ROOT]
16:47:55,724 |-INFO in ch.qos.logback.core.model.processor.AppenderRefModelHandler - Attaching appender named [FILE] to Logger[ROOT]
16:47:55,724 |-INFO in ch.qos.logback.core.model.processor.DefaultProcessor@5c60b0a0 - End of configuration.
16:47:55,724 |-INFO in org.springframework.boot.logging.logback.SpringBootJoranConfigurator@7a2b1eb4 - Registering current configuration as safe fallback point


  .   ____          _            __ _ _
 /\\ / ___'_ __ _ _(_)_ __  __ _ \ \ \ \
( ( )\___ | '_ | '_| | '_ \/ _` | \ \ \ \
 \\/  ___)| |_)| | | | | || (_| |  ) ) ) )
  '  |____| .__|_| |_|_| |_\__, | / / / /
 =========|_|==============|___/=/_/_/_/

 :: Spring Boot ::                (v3.4.0)

2025-12-05 16:47:55.824 [main] INFO  t.h.imrbs.web.controller.GuestControllerTest - Starting GuestControllerTest using Java 25 with PID 6548 (started by 1104358 in D:\developer\repos\imrbs\imrbs-web)
2025-12-05 16:47:55.825 [main] DEBUG t.h.imrbs.web.controller.GuestControllerTest - Running with Spring Boot v3.4.0, Spring v6.2.0
2025-12-05 16:47:55.826 [main] INFO  t.h.imrbs.web.controller.GuestControllerTest - The following 1 profile is active: "dev"
Mockito is currently self-attaching to enable the inline-mock-maker. This will no longer work in future releases of the JDK. Please add Mockito as an agent to your build what is described in Mockito's documentation: https://javadoc.io/doc/org.mockito/mockito-core/latest/org/mockito/Mockito.html#0.3
WARNING: A Java agent has been loaded dynamically (d:\repo\net\bytebuddy\byte-buddy-agent\1.15.11\byte-buddy-agent-1.15.11.jar)
WARNING: If a serviceability tool is in use, please run with -XX:+EnableDynamicAgentLoading to hide this warning
WARNING: If a serviceability tool is not in use, please run with -Djdk.instrument.traceUsage for more information
WARNING: Dynamic loading of agents will be disallowed by default in a future release
OpenJDK 64-Bit Server VM warning: Sharing is only supported for boot loader classes because bootstrap classpath has been appended
WARNING: A terminally deprecated method in sun.misc.Unsafe has been called
WARNING: sun.misc.Unsafe::objectFieldOffset has been called by net.bytebuddy.dynamic.loading.ClassInjector$UsingUnsafe$Dispatcher$CreationAction (file:/d:/repo/net/bytebuddy/byte-buddy/1.15.11/byte-buddy-1.15.11.jar)
WARNING: Please consider reporting this to the maintainers of class net.bytebuddy.dynamic.loading.ClassInjector$UsingUnsafe$Dispatcher$CreationAction
WARNING: sun.misc.Unsafe::objectFieldOffset will be removed in a future release
2025-12-05 16:47:59.779 [main] INFO  o.s.b.test.mock.web.SpringBootMockServletContext - Initializing Spring TestDispatcherServlet ''
2025-12-05 16:47:59.779 [main] INFO  o.s.test.web.servlet.TestDispatcherServlet - Initializing Servlet ''
2025-12-05 16:47:59.781 [main] INFO  o.s.test.web.servlet.TestDispatcherServlet - Completed initialization in 2 ms
2025-12-05 16:47:59.815 [main] INFO  t.h.imrbs.web.controller.GuestControllerTest - Started GuestControllerTest in 4.538 seconds (process running for 5.855)

MockHttpServletRequest:
      HTTP Method = GET
      Request URI = /api/guest/requests/999
       Parameters = {email=[guest@external.com]}
          Headers = []
             Body = null
    Session Attrs = {}

Handler:
             Type = null

Async:
    Async started = false
     Async result = null

Resolved Exception:
             Type = null

ModelAndView:
        View name = null
             View = null
            Model = null

FlashMap:
       Attributes = null

MockHttpServletResponse:
           Status = 200
    Error message = null
          Headers = [X-Content-Type-Options:"nosniff", X-XSS-Protection:"0", Cache-Control:"no-cache, no-store, max-age=0, must-revalidate", Pragma:"no-cache", Expires:"0", X-Frame-Options:"DENY"]
     Content type = null
             Body = 
    Forwarded URL = null
   Redirected URL = null
          Cookies = []

MockHttpServletRequest:
      HTTP Method = GET
      Request URI = /api/guest/requests/1
       Parameters = {email=[guest@external.com]}
          Headers = []
             Body = null
    Session Attrs = {}

Handler:
             Type = null

Async:
    Async started = false
     Async result = null

Resolved Exception:
             Type = null

ModelAndView:
        View name = null
             View = null
            Model = null

FlashMap:
       Attributes = null

MockHttpServletResponse:
           Status = 200
    Error message = null
          Headers = [X-Content-Type-Options:"nosniff", X-XSS-Protection:"0", Cache-Control:"no-cache, no-store, max-age=0, must-revalidate", Pragma:"no-cache", Expires:"0", X-Frame-Options:"DENY"]
     Content type = null
             Body = 
    Forwarded URL = null
   Redirected URL = null
          Cookies = []

MockHttpServletRequest:
      HTTP Method = GET
      Request URI = /api/guest/requests/1
       Parameters = {email=[wrong@email.com]}
          Headers = []
             Body = null
    Session Attrs = {}

Handler:
             Type = null

Async:
    Async started = false
     Async result = null

Resolved Exception:
             Type = null

ModelAndView:
        View name = null
             View = null
            Model = null

FlashMap:
       Attributes = null

MockHttpServletResponse:
           Status = 200
    Error message = null
          Headers = [X-Content-Type-Options:"nosniff", X-XSS-Protection:"0", Cache-Control:"no-cache, no-store, max-age=0, must-revalidate", Pragma:"no-cache", Expires:"0", X-Frame-Options:"DENY"]
     Content type = null
             Body = 
    Forwarded URL = null
   Redirected URL = null
          Cookies = []
[ERROR] Tests run: 3, Failures: 3, Errors: 0, Skipped: 0, Time elapsed: 4.802 s <<< FAILURE! -- in tw.huangcti.imrbs.web.controller.GuestControllerTest$GetGuestRequestStatus
[ERROR] tw.huangcti.imrbs.web.controller.GuestControllerTest$GetGuestRequestStatus.shouldReturn404WhenRequestNotFound -- Time elapsed: 0.112 s <<< FAILURE!
java.lang.AssertionError: Status expected:<404> but was:<200>
	at org.springframework.test.util.AssertionErrors.fail(AssertionErrors.java:61)
	at org.springframework.test.util.AssertionErrors.assertEquals(AssertionErrors.java:128)
	at org.springframework.test.web.servlet.result.StatusResultMatchers.lambda$matcher$9(StatusResultMatchers.java:640)
	at org.springframework.test.web.servlet.MockMvc$1.andExpect(MockMvc.java:214)
	at tw.huangcti.imrbs.web.controller.GuestControllerTest$GetGuestRequestStatus.shouldReturn404WhenRequestNotFound(GuestControllerTest.java:390)
	at java.base/java.lang.reflect.Method.invoke(Method.java:565)
	at java.base/java.util.ArrayList.forEach(ArrayList.java:1604)
	at java.base/java.util.ArrayList.forEach(ArrayList.java:1604)
	at java.base/java.util.ArrayList.forEach(ArrayList.java:1604)

[ERROR] tw.huangcti.imrbs.web.controller.GuestControllerTest$GetGuestRequestStatus.shouldReturnGuestRequestStatus -- Time elapsed: 0.039 s <<< FAILURE!
java.lang.AssertionError: No value at JSON path "$.id"
	at org.springframework.test.util.JsonPathExpectationsHelper.evaluateJsonPath(JsonPathExpectationsHelper.java:351)
	at org.springframework.test.util.JsonPathExpectationsHelper.assertValue(JsonPathExpectationsHelper.java:148)
	at org.springframework.test.web.servlet.result.JsonPathResultMatchers.lambda$value$2(JsonPathResultMatchers.java:112)
	at org.springframework.test.web.servlet.MockMvc$1.andExpect(MockMvc.java:214)
	at tw.huangcti.imrbs.web.controller.GuestControllerTest$GetGuestRequestStatus.shouldReturnGuestRequestStatus(GuestControllerTest.java:363)
	at java.base/java.lang.reflect.Method.invoke(Method.java:565)
	at java.base/java.util.ArrayList.forEach(ArrayList.java:1604)
	at java.base/java.util.ArrayList.forEach(ArrayList.java:1604)
	at java.base/java.util.ArrayList.forEach(ArrayList.java:1604)
Caused by: java.lang.IllegalArgumentException: json can not be null or empty
	at com.jayway.jsonpath.internal.Utils.notEmpty(Utils.java:401)
	at com.jayway.jsonpath.JsonPath.read(JsonPath.java:390)
	at org.springframework.test.util.JsonPathExpectationsHelper.evaluateJsonPath(JsonPathExpectationsHelper.java:348)
	... 8 more

[ERROR] tw.huangcti.imrbs.web.controller.GuestControllerTest$GetGuestRequestStatus.shouldReturn403WhenEmailNotMatch -- Time elapsed: 0.013 s <<< FAILURE!
java.lang.AssertionError: Status expected:<403> but was:<200>
	at org.springframework.test.util.AssertionErrors.fail(AssertionErrors.java:61)
	at org.springframework.test.util.AssertionErrors.assertEquals(AssertionErrors.java:128)
	at org.springframework.test.web.servlet.result.StatusResultMatchers.lambda$matcher$9(StatusResultMatchers.java:640)
	at org.springframework.test.web.servlet.MockMvc$1.andExpect(MockMvc.java:214)
	at tw.huangcti.imrbs.web.controller.GuestControllerTest$GetGuestRequestStatus.shouldReturn403WhenEmailNotMatch(GuestControllerTest.java:377)
	at java.base/java.lang.reflect.Method.invoke(Method.java:565)
	at java.base/java.util.ArrayList.forEach(ArrayList.java:1604)
	at java.base/java.util.ArrayList.forEach(ArrayList.java:1604)
	at java.base/java.util.ArrayList.forEach(ArrayList.java:1604)

[INFO] Running tw.huangcti.imrbs.web.controller.GuestControllerTest$RejectGuestRequest
2025-12-05 16:48:00.024 [main] INFO  o.s.t.c.support.AnnotationConfigContextLoaderUtils - Could not detect default configuration classes for test class [tw.huangcti.imrbs.web.controller.GuestControllerTest$RejectGuestRequest]: RejectGuestRequest does not declare any static, non-private, non-final, nested classes annotated with @Configuration.
2025-12-05 16:48:00.043 [main] INFO  o.s.b.t.context.SpringBootTestContextBootstrapper - Found @SpringBootConfiguration tw.huangcti.imrbs.ImrbsApplication for test class tw.huangcti.imrbs.web.controller.GuestControllerTest$RejectGuestRequest

MockHttpServletRequest:
      HTTP Method = POST
      Request URI = /api/admin/guest-requests/1/reject
       Parameters = {_csrf=[uZTkd6OPA3FCavXqd68BPfwgTa20z9uBEH58By5Z2T5JmmAujfeHFZO4YERvXpbeEYI1C8kTYJXVrrisI0pFZRxpv1wqowEc]}
          Headers = [Content-Type:"application/json;charset=UTF-8", Content-Length:"28"]
             Body = {"reason":"會議室已滿"}
    Session Attrs = {}

Handler:
             Type = null

Async:
    Async started = false
     Async result = null

Resolved Exception:
             Type = null

ModelAndView:
        View name = null
             View = null
            Model = null

FlashMap:
       Attributes = null

MockHttpServletResponse:
           Status = 200
    Error message = null
          Headers = [X-Content-Type-Options:"nosniff", X-XSS-Protection:"0", Cache-Control:"no-cache, no-store, max-age=0, must-revalidate", Pragma:"no-cache", Expires:"0", X-Frame-Options:"DENY"]
     Content type = null
             Body = 
    Forwarded URL = null
   Redirected URL = null
          Cookies = []

MockHttpServletRequest:
      HTTP Method = POST
      Request URI = /api/admin/guest-requests/1/reject
       Parameters = {_csrf=[n4AK28fRTFqblyeGT9kNALbsHGrS4TkVN-VBcWEt8V-Xa5mfqeE_4v_kfG228xCzLfQ5NoOPMVOw0Q84BoQiQgQekGqiU6-t]}
          Headers = [Content-Type:"application/json;charset=UTF-8", Content-Length:"15"]
             Body = {"reason":null}
    Session Attrs = {}

Handler:
             Type = null

Async:
    Async started = false
     Async result = null

Resolved Exception:
             Type = null

ModelAndView:
        View name = null
             View = null
            Model = null

FlashMap:
       Attributes = null

MockHttpServletResponse:
           Status = 200
    Error message = null
          Headers = [X-Content-Type-Options:"nosniff", X-XSS-Protection:"0", Cache-Control:"no-cache, no-store, max-age=0, must-revalidate", Pragma:"no-cache", Expires:"0", X-Frame-Options:"DENY"]
     Content type = null
             Body = 
    Forwarded URL = null
   Redirected URL = null
          Cookies = []
[ERROR] Tests run: 2, Failures: 2, Errors: 0, Skipped: 0, Time elapsed: 0.113 s <<< FAILURE! -- in tw.huangcti.imrbs.web.controller.GuestControllerTest$RejectGuestRequest
[ERROR] tw.huangcti.imrbs.web.controller.GuestControllerTest$RejectGuestRequest.shouldRejectGuestRequestSuccessfully -- Time elapsed: 0.067 s <<< FAILURE!
java.lang.AssertionError: No value at JSON path "$.id"
	at org.springframework.test.util.JsonPathExpectationsHelper.evaluateJsonPath(JsonPathExpectationsHelper.java:351)
	at org.springframework.test.util.JsonPathExpectationsHelper.assertValue(JsonPathExpectationsHelper.java:148)
	at org.springframework.test.web.servlet.result.JsonPathResultMatchers.lambda$value$2(JsonPathResultMatchers.java:112)
	at org.springframework.test.web.servlet.MockMvc$1.andExpect(MockMvc.java:214)
	at tw.huangcti.imrbs.web.controller.GuestControllerTest$RejectGuestRequest.shouldRejectGuestRequestSuccessfully(GuestControllerTest.java:326)
	at java.base/java.lang.reflect.Method.invoke(Method.java:565)
	at java.base/java.util.ArrayList.forEach(ArrayList.java:1604)
	at java.base/java.util.ArrayList.forEach(ArrayList.java:1604)
	at java.base/java.util.ArrayList.forEach(ArrayList.java:1604)
Caused by: java.lang.IllegalArgumentException: json can not be null or empty
	at com.jayway.jsonpath.internal.Utils.notEmpty(Utils.java:401)
	at com.jayway.jsonpath.JsonPath.read(JsonPath.java:390)
	at org.springframework.test.util.JsonPathExpectationsHelper.evaluateJsonPath(JsonPathExpectationsHelper.java:348)
	... 8 more

[ERROR] tw.huangcti.imrbs.web.controller.GuestControllerTest$RejectGuestRequest.shouldRequireReasonWhenRejecting -- Time elapsed: 0.013 s <<< FAILURE!
java.lang.AssertionError: Status expected:<400> but was:<200>
	at org.springframework.test.util.AssertionErrors.fail(AssertionErrors.java:61)
	at org.springframework.test.util.AssertionErrors.assertEquals(AssertionErrors.java:128)
	at org.springframework.test.web.servlet.result.StatusResultMatchers.lambda$matcher$9(StatusResultMatchers.java:640)
	at org.springframework.test.web.servlet.MockMvc$1.andExpect(MockMvc.java:214)
	at tw.huangcti.imrbs.web.controller.GuestControllerTest$RejectGuestRequest.shouldRequireReasonWhenRejecting(GuestControllerTest.java:344)
	at java.base/java.lang.reflect.Method.invoke(Method.java:565)
	at java.base/java.util.ArrayList.forEach(ArrayList.java:1604)
	at java.base/java.util.ArrayList.forEach(ArrayList.java:1604)
	at java.base/java.util.ArrayList.forEach(ArrayList.java:1604)

[INFO] Running tw.huangcti.imrbs.web.controller.GuestControllerTest$ApproveGuestRequest
2025-12-05 16:48:00.141 [main] INFO  o.s.t.c.support.AnnotationConfigContextLoaderUtils - Could not detect default configuration classes for test class [tw.huangcti.imrbs.web.controller.GuestControllerTest$ApproveGuestRequest]: ApproveGuestRequest does not declare any static, non-private, non-final, nested classes annotated with @Configuration.
2025-12-05 16:48:00.154 [main] INFO  o.s.b.t.context.SpringBootTestContextBootstrapper - Found @SpringBootConfiguration tw.huangcti.imrbs.ImrbsApplication for test class tw.huangcti.imrbs.web.controller.GuestControllerTest$ApproveGuestRequest

MockHttpServletRequest:
      HTTP Method = POST
      Request URI = /api/admin/guest-requests/999/approve
       Parameters = {_csrf=[o_wkQQu-7GnRcMlqwUYqEIRMmIs7zEiIdw2rYcy_tkOBDCT6x8wccTyK3Qr8Qv4OpWsedeUqteld_3ulQTyZWK3bgHe0NEbJ]}
          Headers = []
             Body = null
    Session Attrs = {}

Handler:
             Type = null

Async:
    Async started = false
     Async result = null

Resolved Exception:
             Type = null

ModelAndView:
        View name = null
             View = null
            Model = null

FlashMap:
       Attributes = null

MockHttpServletResponse:
           Status = 200
    Error message = null
          Headers = [X-Content-Type-Options:"nosniff", X-XSS-Protection:"0", Cache-Control:"no-cache, no-store, max-age=0, must-revalidate", Pragma:"no-cache", Expires:"0", X-Frame-Options:"DENY"]
     Content type = null
             Body = 
    Forwarded URL = null
   Redirected URL = null
          Cookies = []

MockHttpServletRequest:
      HTTP Method = POST
      Request URI = /api/admin/guest-requests/1/approve
       Parameters = {_csrf=[ynp5aCMQjY8WqY5g4GhmyfWZ1MPm1xI4KvT_gJYvOuZJQrUM-xhPWEF26-o7y7cGgUVSq8f8-fresnYVEsCb4_RLAtAoetNo]}
          Headers = []
             Body = null
    Session Attrs = {}

Handler:
             Type = null

Async:
    Async started = false
     Async result = null

Resolved Exception:
             Type = null

ModelAndView:
        View name = null
             View = null
            Model = null

FlashMap:
       Attributes = null

MockHttpServletResponse:
           Status = 200
    Error message = null
          Headers = [X-Content-Type-Options:"nosniff", X-XSS-Protection:"0", Cache-Control:"no-cache, no-store, max-age=0, must-revalidate", Pragma:"no-cache", Expires:"0", X-Frame-Options:"DENY"]
     Content type = null
             Body = 
    Forwarded URL = null
   Redirected URL = null
          Cookies = []

MockHttpServletRequest:
      HTTP Method = POST
      Request URI = /api/admin/guest-requests/1/approve
       Parameters = {_csrf=[jcpGVZ2sV3HH4bgLhWKYCk7_o1m9TOuTzr3IZtnNjCF27Qbh7_hyZ6mVNUbq2Is94U-sOXbPjjuPf9--rI2sUr30tRZPjmWF]}
          Headers = []
             Body = null
    Session Attrs = {}

Handler:
             Type = null

Async:
    Async started = false
     Async result = null

Resolved Exception:
             Type = null

ModelAndView:
        View name = null
             View = null
            Model = null

FlashMap:
       Attributes = null

MockHttpServletResponse:
           Status = 200
    Error message = null
          Headers = [X-Content-Type-Options:"nosniff", X-XSS-Protection:"0", Cache-Control:"no-cache, no-store, max-age=0, must-revalidate", Pragma:"no-cache", Expires:"0", X-Frame-Options:"DENY"]
     Content type = null
             Body = 
    Forwarded URL = null
   Redirected URL = null
          Cookies = []
[ERROR] Tests run: 3, Failures: 3, Errors: 0, Skipped: 0, Time elapsed: 0.057 s <<< FAILURE! -- in tw.huangcti.imrbs.web.controller.GuestControllerTest$ApproveGuestRequest
[ERROR] tw.huangcti.imrbs.web.controller.GuestControllerTest$ApproveGuestRequest.shouldReturn404WhenRequestNotFound -- Time elapsed: 0.011 s <<< FAILURE!
java.lang.AssertionError: Status expected:<404> but was:<200>
	at org.springframework.test.util.AssertionErrors.fail(AssertionErrors.java:61)
	at org.springframework.test.util.AssertionErrors.assertEquals(AssertionErrors.java:128)
	at org.springframework.test.web.servlet.result.StatusResultMatchers.lambda$matcher$9(StatusResultMatchers.java:640)
	at org.springframework.test.web.servlet.MockMvc$1.andExpect(MockMvc.java:214)
	at tw.huangcti.imrbs.web.controller.GuestControllerTest$ApproveGuestRequest.shouldReturn404WhenRequestNotFound(GuestControllerTest.java:279)
	at java.base/java.lang.reflect.Method.invoke(Method.java:565)
	at java.base/java.util.ArrayList.forEach(ArrayList.java:1604)
	at java.base/java.util.ArrayList.forEach(ArrayList.java:1604)
	at java.base/java.util.ArrayList.forEach(ArrayList.java:1604)

[ERROR] tw.huangcti.imrbs.web.controller.GuestControllerTest$ApproveGuestRequest.shouldReturn400WhenRequestAlreadyProcessed -- Time elapsed: 0.008 s <<< FAILURE!
java.lang.AssertionError: Status expected:<400> but was:<200>
	at org.springframework.test.util.AssertionErrors.fail(AssertionErrors.java:61)
	at org.springframework.test.util.AssertionErrors.assertEquals(AssertionErrors.java:128)
	at org.springframework.test.web.servlet.result.StatusResultMatchers.lambda$matcher$9(StatusResultMatchers.java:640)
	at org.springframework.test.web.servlet.MockMvc$1.andExpect(MockMvc.java:214)
	at tw.huangcti.imrbs.web.controller.GuestControllerTest$ApproveGuestRequest.shouldReturn400WhenRequestAlreadyProcessed(GuestControllerTest.java:293)
	at java.base/java.lang.reflect.Method.invoke(Method.java:565)
	at java.base/java.util.ArrayList.forEach(ArrayList.java:1604)
	at java.base/java.util.ArrayList.forEach(ArrayList.java:1604)
	at java.base/java.util.ArrayList.forEach(ArrayList.java:1604)

[ERROR] tw.huangcti.imrbs.web.controller.GuestControllerTest$ApproveGuestRequest.shouldApproveGuestRequestSuccessfully -- Time elapsed: 0.012 s <<< FAILURE!
java.lang.AssertionError: No value at JSON path "$.id"
	at org.springframework.test.util.JsonPathExpectationsHelper.evaluateJsonPath(JsonPathExpectationsHelper.java:351)
	at org.springframework.test.util.JsonPathExpectationsHelper.assertValue(JsonPathExpectationsHelper.java:148)
	at org.springframework.test.web.servlet.result.JsonPathResultMatchers.lambda$value$2(JsonPathResultMatchers.java:112)
	at org.springframework.test.web.servlet.MockMvc$1.andExpect(MockMvc.java:214)
	at tw.huangcti.imrbs.web.controller.GuestControllerTest$ApproveGuestRequest.shouldApproveGuestRequestSuccessfully(GuestControllerTest.java:263)
	at java.base/java.lang.reflect.Method.invoke(Method.java:565)
	at java.base/java.util.ArrayList.forEach(ArrayList.java:1604)
	at java.base/java.util.ArrayList.forEach(ArrayList.java:1604)
	at java.base/java.util.ArrayList.forEach(ArrayList.java:1604)
Caused by: java.lang.IllegalArgumentException: json can not be null or empty
	at com.jayway.jsonpath.internal.Utils.notEmpty(Utils.java:401)
	at com.jayway.jsonpath.JsonPath.read(JsonPath.java:390)
	at org.springframework.test.util.JsonPathExpectationsHelper.evaluateJsonPath(JsonPathExpectationsHelper.java:348)
	... 8 more

[INFO] Running tw.huangcti.imrbs.web.controller.GuestControllerTest$GetPendingGuestRequests
2025-12-05 16:48:00.200 [main] INFO  o.s.t.c.support.AnnotationConfigContextLoaderUtils - Could not detect default configuration classes for test class [tw.huangcti.imrbs.web.controller.GuestControllerTest$GetPendingGuestRequests]: GetPendingGuestRequests does not declare any static, non-private, non-final, nested classes annotated with @Configuration.
2025-12-05 16:48:00.213 [main] INFO  o.s.b.t.context.SpringBootTestContextBootstrapper - Found @SpringBootConfiguration tw.huangcti.imrbs.ImrbsApplication for test class tw.huangcti.imrbs.web.controller.GuestControllerTest$GetPendingGuestRequests

MockHttpServletRequest:
      HTTP Method = GET
      Request URI = /api/admin/guest-requests
       Parameters = {}
          Headers = []
             Body = null
    Session Attrs = {}

Handler:
             Type = null

Async:
    Async started = false
     Async result = null

Resolved Exception:
             Type = null

ModelAndView:
        View name = null
             View = null
            Model = null

FlashMap:
       Attributes = null

MockHttpServletResponse:
           Status = 403
    Error message = Access Denied
          Headers = [X-Content-Type-Options:"nosniff", X-XSS-Protection:"0", Cache-Control:"no-cache, no-store, max-age=0, must-revalidate", Pragma:"no-cache", Expires:"0", X-Frame-Options:"DENY"]
     Content type = null
             Body = 
    Forwarded URL = null
   Redirected URL = null
          Cookies = []

MockHttpServletRequest:
      HTTP Method = GET
      Request URI = /api/admin/guest-requests
       Parameters = {}
          Headers = []
             Body = null
    Session Attrs = {}

Handler:
             Type = null

Async:
    Async started = false
     Async result = null

Resolved Exception:
             Type = null

ModelAndView:
        View name = null
             View = null
            Model = null

FlashMap:
       Attributes = null

MockHttpServletResponse:
           Status = 200
    Error message = null
          Headers = [X-Content-Type-Options:"nosniff", X-XSS-Protection:"0", Cache-Control:"no-cache, no-store, max-age=0, must-revalidate", Pragma:"no-cache", Expires:"0", X-Frame-Options:"DENY"]
     Content type = null
             Body = 
    Forwarded URL = null
   Redirected URL = null
          Cookies = []

MockHttpServletRequest:
      HTTP Method = GET
      Request URI = /api/admin/guest-requests
       Parameters = {status=[PENDING]}
          Headers = []
             Body = null
    Session Attrs = {}

Handler:
             Type = null

Async:
    Async started = false
     Async result = null

Resolved Exception:
             Type = null

ModelAndView:
        View name = null
             View = null
            Model = null

FlashMap:
       Attributes = null

MockHttpServletResponse:
           Status = 200
    Error message = null
          Headers = [X-Content-Type-Options:"nosniff", X-XSS-Protection:"0", Cache-Control:"no-cache, no-store, max-age=0, must-revalidate", Pragma:"no-cache", Expires:"0", X-Frame-Options:"DENY"]
     Content type = null
             Body = 
    Forwarded URL = null
   Redirected URL = null
          Cookies = []
[ERROR] Tests run: 4, Failures: 3, Errors: 0, Skipped: 0, Time elapsed: 0.076 s <<< FAILURE! -- in tw.huangcti.imrbs.web.controller.GuestControllerTest$GetPendingGuestRequests
[ERROR] tw.huangcti.imrbs.web.controller.GuestControllerTest$GetPendingGuestRequests.shouldReturn401ForUnauthenticatedUser -- Time elapsed: 0.010 s <<< FAILURE!
java.lang.AssertionError: Status expected:<401> but was:<403>
	at org.springframework.test.util.AssertionErrors.fail(AssertionErrors.java:61)
	at org.springframework.test.util.AssertionErrors.assertEquals(AssertionErrors.java:128)
	at org.springframework.test.web.servlet.result.StatusResultMatchers.lambda$matcher$9(StatusResultMatchers.java:640)
	at org.springframework.test.web.servlet.MockMvc$1.andExpect(MockMvc.java:214)
	at tw.huangcti.imrbs.web.controller.GuestControllerTest$GetPendingGuestRequests.shouldReturn401ForUnauthenticatedUser(GuestControllerTest.java:227)
	at java.base/java.lang.reflect.Method.invoke(Method.java:565)
	at java.base/java.util.ArrayList.forEach(ArrayList.java:1604)
	at java.base/java.util.ArrayList.forEach(ArrayList.java:1604)
	at java.base/java.util.ArrayList.forEach(ArrayList.java:1604)

[ERROR] tw.huangcti.imrbs.web.controller.GuestControllerTest$GetPendingGuestRequests.shouldReturnAllGuestRequestsForAdmin -- Time elapsed: 0.010 s <<< FAILURE!
java.lang.AssertionError: No value at JSON path "$.length()"
	at org.springframework.test.util.JsonPathExpectationsHelper.evaluateJsonPath(JsonPathExpectationsHelper.java:351)
	at org.springframework.test.util.JsonPathExpectationsHelper.assertValue(JsonPathExpectationsHelper.java:148)
	at org.springframework.test.web.servlet.result.JsonPathResultMatchers.lambda$value$2(JsonPathResultMatchers.java:112)
	at org.springframework.test.web.servlet.MockMvc$1.andExpect(MockMvc.java:214)
	at tw.huangcti.imrbs.web.controller.GuestControllerTest$GetPendingGuestRequests.shouldReturnAllGuestRequestsForAdmin(GuestControllerTest.java:220)
	at java.base/java.lang.reflect.Method.invoke(Method.java:565)
	at java.base/java.util.ArrayList.forEach(ArrayList.java:1604)
	at java.base/java.util.ArrayList.forEach(ArrayList.java:1604)
	at java.base/java.util.ArrayList.forEach(ArrayList.java:1604)
Caused by: java.lang.IllegalArgumentException: json can not be null or empty
	at com.jayway.jsonpath.internal.Utils.notEmpty(Utils.java:401)
	at com.jayway.jsonpath.JsonPath.read(JsonPath.java:390)
	at org.springframework.test.util.JsonPathExpectationsHelper.evaluateJsonPath(JsonPathExpectationsHelper.java:348)
	... 8 more

[ERROR] tw.huangcti.imrbs.web.controller.GuestControllerTest$GetPendingGuestRequests.shouldReturnPendingGuestRequestsForAdmin -- Time elapsed: 0.010 s <<< FAILURE!
java.lang.AssertionError: No value at JSON path "$"
	at org.springframework.test.util.JsonPathExpectationsHelper.evaluateJsonPath(JsonPathExpectationsHelper.java:351)
	at org.springframework.test.util.JsonPathExpectationsHelper.assertExistsAndReturn(JsonPathExpectationsHelper.java:388)
	at org.springframework.test.util.JsonPathExpectationsHelper.assertValueIsArray(JsonPathExpectationsHelper.java:214)
	at org.springframework.test.web.servlet.result.JsonPathResultMatchers.lambda$isArray$12(JsonPathResultMatchers.java:227)
	at org.springframework.test.web.servlet.MockMvc$1.andExpect(MockMvc.java:214)
	at tw.huangcti.imrbs.web.controller.GuestControllerTest$GetPendingGuestRequests.shouldReturnPendingGuestRequestsForAdmin(GuestControllerTest.java:197)
	at java.base/java.lang.reflect.Method.invoke(Method.java:565)
	at java.base/java.util.ArrayList.forEach(ArrayList.java:1604)
	at java.base/java.util.ArrayList.forEach(ArrayList.java:1604)
	at java.base/java.util.ArrayList.forEach(ArrayList.java:1604)
Caused by: java.lang.IllegalArgumentException: json can not be null or empty
	at com.jayway.jsonpath.internal.Utils.notEmpty(Utils.java:401)
	at com.jayway.jsonpath.JsonPath.read(JsonPath.java:390)
	at org.springframework.test.util.JsonPathExpectationsHelper.evaluateJsonPath(JsonPathExpectationsHelper.java:348)
	... 9 more

[INFO] Running tw.huangcti.imrbs.web.controller.GuestControllerTest$CreateGuestRequest
2025-12-05 16:48:00.277 [main] INFO  o.s.t.c.support.AnnotationConfigContextLoaderUtils - Could not detect default configuration classes for test class [tw.huangcti.imrbs.web.controller.GuestControllerTest$CreateGuestRequest]: CreateGuestRequest does not declare any static, non-private, non-final, nested classes annotated with @Configuration.
2025-12-05 16:48:00.285 [main] INFO  o.s.b.t.context.SpringBootTestContextBootstrapper - Found @SpringBootConfiguration tw.huangcti.imrbs.ImrbsApplication for test class tw.huangcti.imrbs.web.controller.GuestControllerTest$CreateGuestRequest

MockHttpServletRequest:
      HTTP Method = POST
      Request URI = /api/guest/requests
       Parameters = {_csrf=[YhAXS0ypWrzGKxRULsE5s1k1UQ6FdUrL3602GXxEX8pF2ICjW3F0eymRY4jrH3c3SOwN1W0GfDa9TXnm7ZQFfU9zbvkg6LKQ]}
          Headers = [Content-Type:"application/json;charset=UTF-8", Content-Length:"261"]
             Body = {"guestName":"訪客張三","guestEmail":"guest@external.com","guestPhone":null,"guestCompany":null,"roomId":1,"meetingTitle":"客戶會議","requestedStartTime":"2024-03-15T10:00:00","requestedEndTime":"2024-03-15T12:00:00","attendeeCount":null,"purpose":null}
    Session Attrs = {}

Handler:
             Type = null

Async:
    Async started = false
     Async result = null

Resolved Exception:
             Type = null

ModelAndView:
        View name = null
             View = null
            Model = null

FlashMap:
       Attributes = null

MockHttpServletResponse:
           Status = 200
    Error message = null
          Headers = [X-Content-Type-Options:"nosniff", X-XSS-Protection:"0", Cache-Control:"no-cache, no-store, max-age=0, must-revalidate", Pragma:"no-cache", Expires:"0", X-Frame-Options:"DENY"]
     Content type = null
             Body = 
    Forwarded URL = null
   Redirected URL = null
          Cookies = []

MockHttpServletRequest:
      HTTP Method = POST
      Request URI = /api/guest/requests
       Parameters = {_csrf=[I1DsmnsNtZtEVt_XwAhxTf6jgF9O11UQWE9uy58O3RbM8ckVFzPU-0lrjKtpZevupCVFecbFrT0os2M9YXcNqaxsuHeokqgs]}
          Headers = [Content-Type:"application/json;charset=UTF-8", Content-Length:"256"]
             Body = {"guestName":"訪客張三","guestEmail":"invalid-email","guestPhone":null,"guestCompany":null,"roomId":1,"meetingTitle":"客戶會議","requestedStartTime":"2024-03-15T10:00:00","requestedEndTime":"2024-03-15T12:00:00","attendeeCount":null,"purpose":null}
    Session Attrs = {}

Handler:
             Type = null

Async:
    Async started = false
     Async result = null

Resolved Exception:
             Type = null

ModelAndView:
        View name = null
             View = null
            Model = null

FlashMap:
       Attributes = null

MockHttpServletResponse:
           Status = 200
    Error message = null
          Headers = [X-Content-Type-Options:"nosniff", X-XSS-Protection:"0", Cache-Control:"no-cache, no-store, max-age=0, must-revalidate", Pragma:"no-cache", Expires:"0", X-Frame-Options:"DENY"]
     Content type = null
             Body = 
    Forwarded URL = null
   Redirected URL = null
          Cookies = []

MockHttpServletRequest:
      HTTP Method = POST
      Request URI = /api/guest/requests
       Parameters = {_csrf=[wvFKIjgGgc60wPkewDIdKady8I6j5E9-MHRDVXMNPucMDBxN8cN_FVox4P2Z-JouoR8pTMIQ3bebhipTUUF7M0Q5CNFvNSso]}
          Headers = [Content-Type:"application/json;charset=UTF-8", Content-Length:"210"]
             Body = {"guestName":null,"guestEmail":"guest@external.com","guestPhone":null,"guestCompany":null,"roomId":null,"meetingTitle":null,"requestedStartTime":null,"requestedEndTime":null,"attendeeCount":null,"purpose":null}
    Session Attrs = {}

Handler:
             Type = null

Async:
    Async started = false
     Async result = null

Resolved Exception:
             Type = null

ModelAndView:
        View name = null
             View = null
            Model = null

FlashMap:
       Attributes = null

MockHttpServletResponse:
           Status = 200
    Error message = null
          Headers = [X-Content-Type-Options:"nosniff", X-XSS-Protection:"0", Cache-Control:"no-cache, no-store, max-age=0, must-revalidate", Pragma:"no-cache", Expires:"0", X-Frame-Options:"DENY"]
     Content type = null
             Body = 
    Forwarded URL = null
   Redirected URL = null
          Cookies = []

MockHttpServletRequest:
      HTTP Method = POST
      Request URI = /api/guest/requests
       Parameters = {_csrf=[MrJVLdxMbwQuOlHvmXIpVpwnOvQurcIS963D_96eW43-pSofAoY2Hu57V2EDWTCLrl8dZvofF80Wm_A_k56hmuavabjNnR57]}
          Headers = [Content-Type:"application/json;charset=UTF-8", Content-Length:"290"]
             Body = {"guestName":"訪客張三","guestEmail":"guest@external.com","guestPhone":"0912-345-678","guestCompany":"外部公司 A","roomId":1,"meetingTitle":"客戶會議","requestedStartTime":"2024-03-15T10:00:00","requestedEndTime":"2024-03-15T12:00:00","attendeeCount":5,"purpose":"業務洽談"}
    Session Attrs = {}

Handler:
             Type = null

Async:
    Async started = false
     Async result = null

Resolved Exception:
             Type = null

ModelAndView:
        View name = null
             View = null
            Model = null

FlashMap:
       Attributes = null

MockHttpServletResponse:
           Status = 200
    Error message = null
          Headers = [X-Content-Type-Options:"nosniff", X-XSS-Protection:"0", Cache-Control:"no-cache, no-store, max-age=0, must-revalidate", Pragma:"no-cache", Expires:"0", X-Frame-Options:"DENY"]
     Content type = null
             Body = 
    Forwarded URL = null
   Redirected URL = null
          Cookies = []
[ERROR] Tests run: 4, Failures: 4, Errors: 0, Skipped: 0, Time elapsed: 0.064 s <<< FAILURE! -- in tw.huangcti.imrbs.web.controller.GuestControllerTest$CreateGuestRequest
[ERROR] tw.huangcti.imrbs.web.controller.GuestControllerTest$CreateGuestRequest.shouldReturn409WhenTimeConflict -- Time elapsed: 0.017 s <<< FAILURE!
java.lang.AssertionError: Status expected:<409> but was:<200>
	at org.springframework.test.util.AssertionErrors.fail(AssertionErrors.java:61)
	at org.springframework.test.util.AssertionErrors.assertEquals(AssertionErrors.java:128)
	at org.springframework.test.web.servlet.result.StatusResultMatchers.lambda$matcher$9(StatusResultMatchers.java:640)
	at org.springframework.test.web.servlet.MockMvc$1.andExpect(MockMvc.java:214)
	at tw.huangcti.imrbs.web.controller.GuestControllerTest$CreateGuestRequest.shouldReturn409WhenTimeConflict(GuestControllerTest.java:175)
	at java.base/java.lang.reflect.Method.invoke(Method.java:565)
	at java.base/java.util.ArrayList.forEach(ArrayList.java:1604)
	at java.base/java.util.ArrayList.forEach(ArrayList.java:1604)
	at java.base/java.util.ArrayList.forEach(ArrayList.java:1604)

[ERROR] tw.huangcti.imrbs.web.controller.GuestControllerTest$CreateGuestRequest.shouldReturn400WhenInvalidEmail -- Time elapsed: 0.007 s <<< FAILURE!
java.lang.AssertionError: Status expected:<400> but was:<200>
	at org.springframework.test.util.AssertionErrors.fail(AssertionErrors.java:61)
	at org.springframework.test.util.AssertionErrors.assertEquals(AssertionErrors.java:128)
	at org.springframework.test.web.servlet.result.StatusResultMatchers.lambda$matcher$9(StatusResultMatchers.java:640)
	at org.springframework.test.web.servlet.MockMvc$1.andExpect(MockMvc.java:214)
	at tw.huangcti.imrbs.web.controller.GuestControllerTest$CreateGuestRequest.shouldReturn400WhenInvalidEmail(GuestControllerTest.java:152)
	at java.base/java.lang.reflect.Method.invoke(Method.java:565)
	at java.base/java.util.ArrayList.forEach(ArrayList.java:1604)
	at java.base/java.util.ArrayList.forEach(ArrayList.java:1604)
	at java.base/java.util.ArrayList.forEach(ArrayList.java:1604)

[ERROR] tw.huangcti.imrbs.web.controller.GuestControllerTest$CreateGuestRequest.shouldReturn400WhenGuestInfoIncomplete -- Time elapsed: 0.008 s <<< FAILURE!
java.lang.AssertionError: Status expected:<400> but was:<200>
	at org.springframework.test.util.AssertionErrors.fail(AssertionErrors.java:61)
	at org.springframework.test.util.AssertionErrors.assertEquals(AssertionErrors.java:128)
	at org.springframework.test.web.servlet.result.StatusResultMatchers.lambda$matcher$9(StatusResultMatchers.java:640)
	at org.springframework.test.web.servlet.MockMvc$1.andExpect(MockMvc.java:214)
	at tw.huangcti.imrbs.web.controller.GuestControllerTest$CreateGuestRequest.shouldReturn400WhenGuestInfoIncomplete(GuestControllerTest.java:132)
	at java.base/java.lang.reflect.Method.invoke(Method.java:565)
	at java.base/java.util.ArrayList.forEach(ArrayList.java:1604)
	at java.base/java.util.ArrayList.forEach(ArrayList.java:1604)
	at java.base/java.util.ArrayList.forEach(ArrayList.java:1604)

[ERROR] tw.huangcti.imrbs.web.controller.GuestControllerTest$CreateGuestRequest.shouldCreateGuestRequestSuccessfully -- Time elapsed: 0.007 s <<< FAILURE!
java.lang.AssertionError: Status expected:<201> but was:<200>
	at org.springframework.test.util.AssertionErrors.fail(AssertionErrors.java:61)
	at org.springframework.test.util.AssertionErrors.assertEquals(AssertionErrors.java:128)
	at org.springframework.test.web.servlet.result.StatusResultMatchers.lambda$matcher$9(StatusResultMatchers.java:640)
	at org.springframework.test.web.servlet.MockMvc$1.andExpect(MockMvc.java:214)
	at tw.huangcti.imrbs.web.controller.GuestControllerTest$CreateGuestRequest.shouldCreateGuestRequestSuccessfully(GuestControllerTest.java:112)
	at java.base/java.lang.reflect.Method.invoke(Method.java:565)
	at java.base/java.util.ArrayList.forEach(ArrayList.java:1604)
	at java.base/java.util.ArrayList.forEach(ArrayList.java:1604)
	at java.base/java.util.ArrayList.forEach(ArrayList.java:1604)

[INFO] Tests run: 0, Failures: 0, Errors: 0, Skipped: 0, Time elapsed: 5.471 s -- in tw.huangcti.imrbs.web.controller.GuestControllerTest
[INFO] 
[INFO] Results:
[INFO] 
[ERROR] Failures: 
[ERROR]   GuestControllerTest$ApproveGuestRequest.shouldApproveGuestRequestSuccessfully:263 No value at JSON path "$.id"
[ERROR]   GuestControllerTest$ApproveGuestRequest.shouldReturn400WhenRequestAlreadyProcessed:293 Status expected:<400> but was:<200>
[ERROR]   GuestControllerTest$ApproveGuestRequest.shouldReturn404WhenRequestNotFound:279 Status expected:<404> but was:<200>
[ERROR]   GuestControllerTest$CreateGuestRequest.shouldCreateGuestRequestSuccessfully:112 Status expected:<201> but was:<200>
[ERROR]   GuestControllerTest$CreateGuestRequest.shouldReturn400WhenGuestInfoIncomplete:132 Status expected:<400> but was:<200>
[ERROR]   GuestControllerTest$CreateGuestRequest.shouldReturn400WhenInvalidEmail:152 Status expected:<400> but was:<200>
[ERROR]   GuestControllerTest$CreateGuestRequest.shouldReturn409WhenTimeConflict:175 Status expected:<409> but was:<200>
[ERROR]   GuestControllerTest$GetGuestRequestStatus.shouldReturn403WhenEmailNotMatch:377 Status expected:<403> but was:<200>
[ERROR]   GuestControllerTest$GetGuestRequestStatus.shouldReturn404WhenRequestNotFound:390 Status expected:<404> but was:<200>
[ERROR]   GuestControllerTest$GetGuestRequestStatus.shouldReturnGuestRequestStatus:363 No value at JSON path "$.id"
[ERROR]   GuestControllerTest$GetPendingGuestRequests.shouldReturn401ForUnauthenticatedUser:227 Status expected:<401> but was:<403>
[ERROR]   GuestControllerTest$GetPendingGuestRequests.shouldReturnAllGuestRequestsForAdmin:220 No value at JSON path "$.length()"
[ERROR]   GuestControllerTest$GetPendingGuestRequests.shouldReturnPendingGuestRequestsForAdmin:197 No value at JSON path "$"
[ERROR]   GuestControllerTest$RejectGuestRequest.shouldRejectGuestRequestSuccessfully:326 No value at JSON path "$.id"
[ERROR]   GuestControllerTest$RejectGuestRequest.shouldRequireReasonWhenRejecting:344 Status expected:<400> but was:<200>
[INFO] 
[ERROR] Tests run: 16, Failures: 15, Errors: 0, Skipped: 0
[INFO] 
[INFO] ------------------------------------------------------------------------
[INFO] BUILD FAILURE
[INFO] ------------------------------------------------------------------------
[INFO] Total time:  12.905 s
[INFO] Finished at: 2025-12-05T16:48:00+08:00
[INFO] ------------------------------------------------------------------------
[ERROR] Failed to execute goal org.apache.maven.plugins:maven-surefire-plugin:3.5.2:test (default-test) on project imrbs-web: There are test failures.
[ERROR] 
[ERROR] See D:\developer\repos\imrbs\imrbs-web\target\surefire-reports for the individual test results.
[ERROR] See dump files (if any exist) [date].dump, [date]-jvmRun[N].dump and [date].dumpstream.
[ERROR] -> [Help 1]
[ERROR] 
[ERROR] To see the full stack trace of the errors, re-run Maven with the -e switch.
[ERROR] Re-run Maven using the -X switch to enable full debug logging.
[ERROR] 
[ERROR] For more information about the errors and possible solutions, please read the following articles:
[ERROR] [Help 1] http://cwiki.apache.org/confluence/display/MAVEN/MojoFailureException
